[2024-10-21 14:03:46,796] [INFO] [real_accelerator.py:203:get_accelerator] Setting ds_accelerator to cuda (auto detect)
Args in experiment:
Namespace(task_name='long_term_forecast', is_training=1, model_id='weather_1', models='Autoformer', train_len=0.7, data='weather', root_path='/home/dmz-ai/lxj/dataset/weather/', data_path='weather.csv', features='M', target='OT', freq='h', checkpoints='./checkpoints/', seq_len=1440, label_len=48, pred_len=0, seasonal_patterns='Monthly', inverse=False, use_dtw=False, fc_dropout=0.05, head_dropout=0.0, patch_len=96, stride=96, padding_patch='end', revin=1, affine=0, subtract_last=0, decomposition=0, kernel_size=25, k_adaptive=False, individual=False, instance_normalization=True, backbone='Linear', top_k=5, num_kernels=6, enc_in=21, dec_in=1, c_out=1, d_model=768, n_heads=8, d_layers=12, d_ff=32, moving_avg=25, factor=3, distil=True, dropout=0.1, embed='timeF', activation='gelu', output_attention=False, num_workers=10, itr=1, train_epochs=20, batch_size=128, patience=5, learning_rate=2e-05, des='test', loss='SMAPE', lradj='cosine', use_amp=False, pct_start=0.4, use_gpu=True, gpu=0, use_multi_gpu=True, devices='0,1,2,3,4,5', p_hidden_dims=[128, 128], p_hidden_layers=2, device_ids=[0, 1, 2, 3, 4, 5], logs_dir='./logs_new/logs_model_ETTh1/', model='FNOformer', weight_decay=0, num_gpus=5, device=device(type='cuda', index=0))
[2024-10-21 14:03:55,016] [INFO] [logging.py:96:log_dist] [Rank -1] DeepSpeed info: version=0.15.1, git-hash=unknown, git-branch=unknown
[2024-10-21 14:03:55,016] [INFO] [comm.py:652:init_distributed] cdb=None
[2024-10-21 14:03:55,017] [INFO] [comm.py:667:init_distributed] Not using the DeepSpeed or dist launchers, attempting to detect MPI environment...
[2024-10-21 14:03:55,814] [INFO] [comm.py:717:mpi_discovery] Discovered MPI settings of world_rank=0, local_rank=0, world_size=1, master_addr=172.18.12.10, master_port=29503
[2024-10-21 14:03:55,814] [INFO] [comm.py:683:init_distributed] Initializing TorchBackend in DeepSpeed with backend nccl
[2024-10-21 14:03:55,819] [INFO] [config.py:733:__init__] Config mesh_device None world_size = 1
[2024-10-21 14:03:56,503] [INFO] [logging.py:96:log_dist] [Rank 0] DeepSpeed Flops Profiler Enabled: False
[2024-10-21 14:03:56,505] [INFO] [logging.py:96:log_dist] [Rank 0] Using client Optimizer as basic optimizer
[2024-10-21 14:03:56,505] [INFO] [logging.py:96:log_dist] [Rank 0] Removing param_group that has no 'params' in the basic Optimizer
[2024-10-21 14:03:56,619] [INFO] [logging.py:96:log_dist] [Rank 0] DeepSpeed Basic Optimizer = Adam
[2024-10-21 14:03:56,619] [INFO] [utils.py:59:is_zero_supported_optimizer] Checking ZeRO support for optimizer=Adam type=<class 'torch.optim.adam.Adam'>
[2024-10-21 14:03:56,620] [INFO] [logging.py:96:log_dist] [Rank 0] Creating torch.float32 ZeRO stage 2 optimizer
[2024-10-21 14:03:56,620] [INFO] [stage_1_and_2.py:148:__init__] Reduce bucket size 500000000
[2024-10-21 14:03:56,620] [INFO] [stage_1_and_2.py:149:__init__] Allgather bucket size 500000000
[2024-10-21 14:03:56,620] [INFO] [stage_1_and_2.py:150:__init__] CPU Offload: False
[2024-10-21 14:03:56,620] [INFO] [stage_1_and_2.py:151:__init__] Round robin gradient partitioning: False
[2024-10-21 14:04:00,467] [INFO] [utils.py:781:see_memory_usage] Before initializing optimizer states
[2024-10-21 14:04:00,468] [INFO] [utils.py:782:see_memory_usage] MA 0.28 GB         Max_MA 0.28 GB         CA 0.28 GB         Max_CA 0 GB 
[2024-10-21 14:04:00,469] [INFO] [utils.py:789:see_memory_usage] CPU Virtual Memory:  used = 1019.11 GB, percent = 50.9%
[2024-10-21 14:04:00,707] [INFO] [utils.py:781:see_memory_usage] After initializing optimizer states
[2024-10-21 14:04:00,708] [INFO] [utils.py:782:see_memory_usage] MA 0.28 GB         Max_MA 0.42 GB         CA 0.42 GB         Max_CA 0 GB 
[2024-10-21 14:04:00,708] [INFO] [utils.py:789:see_memory_usage] CPU Virtual Memory:  used = 1019.13 GB, percent = 50.9%
[2024-10-21 14:04:00,708] [INFO] [stage_1_and_2.py:543:__init__] optimizer state initialized
[2024-10-21 14:04:00,917] [INFO] [utils.py:781:see_memory_usage] After initializing ZeRO optimizer
[2024-10-21 14:04:00,918] [INFO] [utils.py:782:see_memory_usage] MA 0.28 GB         Max_MA 0.28 GB         CA 0.42 GB         Max_CA 0 GB 
[2024-10-21 14:04:00,918] [INFO] [utils.py:789:see_memory_usage] CPU Virtual Memory:  used = 1019.15 GB, percent = 50.9%
[2024-10-21 14:04:00,941] [INFO] [logging.py:96:log_dist] [Rank 0] DeepSpeed Final Optimizer = DeepSpeedZeroOptimizer
[2024-10-21 14:04:00,941] [INFO] [logging.py:96:log_dist] [Rank 0] DeepSpeed using configured LR scheduler = None
[2024-10-21 14:04:00,941] [INFO] [logging.py:96:log_dist] [Rank 0] DeepSpeed LR Scheduler = None
[2024-10-21 14:04:00,941] [INFO] [logging.py:96:log_dist] [Rank 0] step=0, skipped=0, lr=[2e-05], mom=[(0.9, 0.999)]
[2024-10-21 14:04:00,942] [INFO] [config.py:999:print] DeepSpeedEngine configuration:
[2024-10-21 14:04:00,943] [INFO] [config.py:1003:print]   activation_checkpointing_config  {
    "partition_activations": false, 
    "contiguous_memory_optimization": false, 
    "cpu_checkpointing": false, 
    "number_checkpoints": null, 
    "synchronize_checkpoint_boundary": false, 
    "profile": false
}
[2024-10-21 14:04:00,943] [INFO] [config.py:1003:print]   aio_config ................... {'block_size': 1048576, 'queue_depth': 8, 'thread_count': 1, 'single_submit': False, 'overlap_events': True, 'use_gds': False}
[2024-10-21 14:04:00,943] [INFO] [config.py:1003:print]   amp_enabled .................. False
[2024-10-21 14:04:00,943] [INFO] [config.py:1003:print]   amp_params ................... False
[2024-10-21 14:04:00,943] [INFO] [config.py:1003:print]   autotuning_config ............ {
    "enabled": false, 
    "start_step": null, 
    "end_step": null, 
    "metric_path": null, 
    "arg_mappings": null, 
    "metric": "throughput", 
    "model_info": null, 
    "results_dir": "autotuning_results", 
    "exps_dir": "autotuning_exps", 
    "overwrite": true, 
    "fast": true, 
    "start_profile_step": 3, 
    "end_profile_step": 5, 
    "tuner_type": "gridsearch", 
    "tuner_early_stopping": 5, 
    "tuner_num_trials": 50, 
    "model_info_path": null, 
    "mp_size": 1, 
    "max_train_batch_size": null, 
    "min_train_batch_size": 1, 
    "max_train_micro_batch_size_per_gpu": 1.024000e+03, 
    "min_train_micro_batch_size_per_gpu": 1, 
    "num_tuning_micro_batch_sizes": 3
}
[2024-10-21 14:04:00,943] [INFO] [config.py:1003:print]   bfloat16_enabled ............. False
[2024-10-21 14:04:00,943] [INFO] [config.py:1003:print]   bfloat16_immediate_grad_update  False
[2024-10-21 14:04:00,943] [INFO] [config.py:1003:print]   checkpoint_parallel_write_pipeline  False
[2024-10-21 14:04:00,943] [INFO] [config.py:1003:print]   checkpoint_tag_validation_enabled  True
[2024-10-21 14:04:00,943] [INFO] [config.py:1003:print]   checkpoint_tag_validation_fail  False
[2024-10-21 14:04:00,944] [INFO] [config.py:1003:print]   comms_config ................. <deepspeed.comm.config.DeepSpeedCommsConfig object at 0x7f3a8d315bb0>
[2024-10-21 14:04:00,944] [INFO] [config.py:1003:print]   communication_data_type ...... None
[2024-10-21 14:04:00,944] [INFO] [config.py:1003:print]   compression_config ........... {'weight_quantization': {'shared_parameters': {'enabled': False, 'quantizer_kernel': False, 'schedule_offset': 0, 'quantize_groups': 1, 'quantize_verbose': False, 'quantization_type': 'symmetric', 'quantize_weight_in_forward': False, 'rounding': 'nearest', 'fp16_mixed_quantize': False, 'quantize_change_ratio': 0.001}, 'different_groups': {}}, 'activation_quantization': {'shared_parameters': {'enabled': False, 'quantization_type': 'symmetric', 'range_calibration': 'dynamic', 'schedule_offset': 1000}, 'different_groups': {}}, 'sparse_pruning': {'shared_parameters': {'enabled': False, 'method': 'l1', 'schedule_offset': 1000}, 'different_groups': {}}, 'row_pruning': {'shared_parameters': {'enabled': False, 'method': 'l1', 'schedule_offset': 1000}, 'different_groups': {}}, 'head_pruning': {'shared_parameters': {'enabled': False, 'method': 'topk', 'schedule_offset': 1000}, 'different_groups': {}}, 'channel_pruning': {'shared_parameters': {'enabled': False, 'method': 'l1', 'schedule_offset': 1000}, 'different_groups': {}}, 'layer_reduction': {'enabled': False}}
[2024-10-21 14:04:00,944] [INFO] [config.py:1003:print]   curriculum_enabled_legacy .... False
[2024-10-21 14:04:00,944] [INFO] [config.py:1003:print]   curriculum_params_legacy ..... False
[2024-10-21 14:04:00,944] [INFO] [config.py:1003:print]   data_efficiency_config ....... {'enabled': False, 'seed': 1234, 'data_sampling': {'enabled': False, 'num_epochs': 1000, 'num_workers': 0, 'curriculum_learning': {'enabled': False}}, 'data_routing': {'enabled': False, 'random_ltd': {'enabled': False, 'layer_token_lr_schedule': {'enabled': False}}}}
[2024-10-21 14:04:00,944] [INFO] [config.py:1003:print]   data_efficiency_enabled ...... False
[2024-10-21 14:04:00,944] [INFO] [config.py:1003:print]   dataloader_drop_last ......... False
[2024-10-21 14:04:00,944] [INFO] [config.py:1003:print]   disable_allgather ............ False
[2024-10-21 14:04:00,944] [INFO] [config.py:1003:print]   dump_state ................... False
[2024-10-21 14:04:00,944] [INFO] [config.py:1003:print]   dynamic_loss_scale_args ...... None
[2024-10-21 14:04:00,944] [INFO] [config.py:1003:print]   eigenvalue_enabled ........... False
[2024-10-21 14:04:00,944] [INFO] [config.py:1003:print]   eigenvalue_gas_boundary_resolution  1
[2024-10-21 14:04:00,944] [INFO] [config.py:1003:print]   eigenvalue_layer_name ........ bert.encoder.layer
[2024-10-21 14:04:00,944] [INFO] [config.py:1003:print]   eigenvalue_layer_num ......... 0
[2024-10-21 14:04:00,944] [INFO] [config.py:1003:print]   eigenvalue_max_iter .......... 100
[2024-10-21 14:04:00,944] [INFO] [config.py:1003:print]   eigenvalue_stability ......... 1e-06
[2024-10-21 14:04:00,944] [INFO] [config.py:1003:print]   eigenvalue_tol ............... 0.01
[2024-10-21 14:04:00,944] [INFO] [config.py:1003:print]   eigenvalue_verbose ........... False
[2024-10-21 14:04:00,944] [INFO] [config.py:1003:print]   elasticity_enabled ........... False
[2024-10-21 14:04:00,944] [INFO] [config.py:1003:print]   flops_profiler_config ........ {
    "enabled": false, 
    "recompute_fwd_factor": 0.0, 
    "profile_step": 1, 
    "module_depth": -1, 
    "top_modules": 1, 
    "detailed": true, 
    "output_file": null
}
[2024-10-21 14:04:00,944] [INFO] [config.py:1003:print]   fp16_auto_cast ............... None
[2024-10-21 14:04:00,944] [INFO] [config.py:1003:print]   fp16_enabled ................. False
[2024-10-21 14:04:00,944] [INFO] [config.py:1003:print]   fp16_master_weights_and_gradients  False
[2024-10-21 14:04:00,944] [INFO] [config.py:1003:print]   global_rank .................. 0
[2024-10-21 14:04:00,944] [INFO] [config.py:1003:print]   grad_accum_dtype ............. None
[2024-10-21 14:04:00,944] [INFO] [config.py:1003:print]   gradient_accumulation_steps .. 2
[2024-10-21 14:04:00,944] [INFO] [config.py:1003:print]   gradient_clipping ............ 0.0
[2024-10-21 14:04:00,944] [INFO] [config.py:1003:print]   gradient_predivide_factor .... 1.0
[2024-10-21 14:04:00,944] [INFO] [config.py:1003:print]   graph_harvesting ............. False
[2024-10-21 14:04:00,944] [INFO] [config.py:1003:print]   hybrid_engine ................ enabled=False max_out_tokens=512 inference_tp_size=1 release_inference_cache=False pin_parameters=True tp_gather_partition_size=8
[2024-10-21 14:04:00,944] [INFO] [config.py:1003:print]   initial_dynamic_scale ........ 65536
[2024-10-21 14:04:00,944] [INFO] [config.py:1003:print]   load_universal_checkpoint .... False
[2024-10-21 14:04:00,944] [INFO] [config.py:1003:print]   loss_scale ................... 0
[2024-10-21 14:04:00,944] [INFO] [config.py:1003:print]   memory_breakdown ............. False
[2024-10-21 14:04:00,944] [INFO] [config.py:1003:print]   mics_hierarchial_params_gather  False
[2024-10-21 14:04:00,945] [INFO] [config.py:1003:print]   mics_shard_size .............. -1
[2024-10-21 14:04:00,945] [INFO] [config.py:1003:print]   monitor_config ............... tensorboard=TensorBoardConfig(enabled=False, output_path='', job_name='DeepSpeedJobName') comet=CometConfig(enabled=False, samples_log_interval=100, project=None, workspace=None, api_key=None, experiment_name=None, experiment_key=None, online=None, mode=None) wandb=WandbConfig(enabled=False, group=None, team=None, project='deepspeed') csv_monitor=CSVConfig(enabled=False, output_path='', job_name='DeepSpeedJobName')
[2024-10-21 14:04:00,945] [INFO] [config.py:1003:print]   nebula_config ................ {
    "enabled": false, 
    "persistent_storage_path": null, 
    "persistent_time_interval": 100, 
    "num_of_version_in_retention": 2, 
    "enable_nebula_load": true, 
    "load_path": null
}
[2024-10-21 14:04:00,945] [INFO] [config.py:1003:print]   optimizer_legacy_fusion ...... False
[2024-10-21 14:04:00,945] [INFO] [config.py:1003:print]   optimizer_name ............... adamw
[2024-10-21 14:04:00,945] [INFO] [config.py:1003:print]   optimizer_params ............. {'lr': 1e-05}
[2024-10-21 14:04:00,945] [INFO] [config.py:1003:print]   pipeline ..................... {'stages': 'auto', 'partition': 'best', 'seed_layers': False, 'activation_checkpoint_interval': 0, 'pipe_partitioned': True, 'grad_partitioned': True}
[2024-10-21 14:04:00,945] [INFO] [config.py:1003:print]   pld_enabled .................. False
[2024-10-21 14:04:00,945] [INFO] [config.py:1003:print]   pld_params ................... False
[2024-10-21 14:04:00,945] [INFO] [config.py:1003:print]   prescale_gradients ........... False
[2024-10-21 14:04:00,945] [INFO] [config.py:1003:print]   scheduler_name ............... None
[2024-10-21 14:04:00,945] [INFO] [config.py:1003:print]   scheduler_params ............. None
[2024-10-21 14:04:00,945] [INFO] [config.py:1003:print]   seq_parallel_communication_data_type  torch.float32
[2024-10-21 14:04:00,945] [INFO] [config.py:1003:print]   sparse_attention ............. None
[2024-10-21 14:04:00,945] [INFO] [config.py:1003:print]   sparse_gradients_enabled ..... False
[2024-10-21 14:04:00,945] [INFO] [config.py:1003:print]   steps_per_print .............. 10
[2024-10-21 14:04:00,945] [INFO] [config.py:1003:print]   timers_config ................ enabled=True synchronized=True
[2024-10-21 14:04:00,945] [INFO] [config.py:1003:print]   train_batch_size ............. 128
[2024-10-21 14:04:00,945] [INFO] [config.py:1003:print]   train_micro_batch_size_per_gpu  64
[2024-10-21 14:04:00,945] [INFO] [config.py:1003:print]   use_data_before_expert_parallel_  False
[2024-10-21 14:04:00,945] [INFO] [config.py:1003:print]   use_node_local_storage ....... False
[2024-10-21 14:04:00,945] [INFO] [config.py:1003:print]   wall_clock_breakdown ......... False
[2024-10-21 14:04:00,945] [INFO] [config.py:1003:print]   weight_quantization_config ... None
[2024-10-21 14:04:00,945] [INFO] [config.py:1003:print]   world_size ................... 1
[2024-10-21 14:04:00,945] [INFO] [config.py:1003:print]   zero_allow_untested_optimizer  False
[2024-10-21 14:04:00,945] [INFO] [config.py:1003:print]   zero_config .................. stage=2 contiguous_gradients=True reduce_scatter=True reduce_bucket_size=500000000 use_multi_rank_bucket_allreduce=True allgather_partitions=True allgather_bucket_size=500000000 overlap_comm=False load_from_fp32_weights=True elastic_checkpoint=False offload_param=None offload_optimizer=None sub_group_size=1000000000 cpu_offload_param=None cpu_offload_use_pin_memory=None cpu_offload=None prefetch_bucket_size=50000000 param_persistence_threshold=100000 model_persistence_threshold=9223372036854775807 max_live_parameters=1000000000 max_reuse_distance=1000000000 gather_16bit_weights_on_model_save=False use_all_reduce_for_fetch_params=False stage3_gather_fp16_weights_on_model_save=False ignore_unused_parameters=True legacy_stage1=False round_robin_gradients=False zero_hpz_partition_size=1 zero_quantized_weights=False zero_quantized_nontrainable_weights=False zero_quantized_gradients=False mics_shard_size=-1 mics_hierarchical_params_gather=False memory_efficient_linear=True pipeline_loading_checkpoint=False override_module_apply=True
[2024-10-21 14:04:00,945] [INFO] [config.py:1003:print]   zero_enabled ................. True
[2024-10-21 14:04:00,945] [INFO] [config.py:1003:print]   zero_force_ds_cpu_optimizer .. True
[2024-10-21 14:04:00,945] [INFO] [config.py:1003:print]   zero_optimization_stage ...... 2
[2024-10-21 14:04:00,946] [INFO] [config.py:989:print_user_config]   json = {
    "train_batch_size": 128, 
    "gradient_accumulation_steps": 2, 
    "fp16": {
        "enabled": false
    }, 
    "zero_optimization": {
        "stage": 2
    }, 
    "optimizer": {
        "type": "AdamW", 
        "params": {
            "lr": 1e-05
        }
    }, 
    "distributed": {
        "num_gpus": 5, 
        "device_ids": [3, 4, 5, 6, 7]
    }
}
>>>>>>>start training : long_term_forecast_weather_1_weather_FNOformer_Monthly_ftM_idFalse_sl672_pl96_dm768_df32_lr2e-05_bs128>>>>>>>>>>>>>>>>>>>>>>>>>>
train 36168
val 5223
test 10492
[rank0]: Traceback (most recent call last):
[rank0]:   File "/home/dmz-ai/lxj/FNOformer/run_FNOformer.py", line 200, in <module>
[rank0]:     Exp.train(setting)
[rank0]:   File "/home/dmz-ai/lxj/FNOformer/exp_FNOformer/exp_long_term_forecasting.py", line 153, in train
[rank0]:     loss = criterion(outputs, batch_y)
[rank0]:   File "/home/dmz-ai/miniconda3/envs/lpy/lib/python3.9/site-packages/torch/nn/modules/module.py", line 1532, in _wrapped_call_impl
[rank0]:     return self._call_impl(*args, **kwargs)
[rank0]:   File "/home/dmz-ai/miniconda3/envs/lpy/lib/python3.9/site-packages/torch/nn/modules/module.py", line 1541, in _call_impl
[rank0]:     return forward_call(*args, **kwargs)
[rank0]:   File "/home/dmz-ai/miniconda3/envs/lpy/lib/python3.9/site-packages/torch/nn/modules/loss.py", line 535, in forward
[rank0]:     return F.mse_loss(input, target, reduction=self.reduction)
[rank0]:   File "/home/dmz-ai/miniconda3/envs/lpy/lib/python3.9/site-packages/torch/nn/functional.py", line 3365, in mse_loss
[rank0]:     expanded_input, expanded_target = torch.broadcast_tensors(input, target)
[rank0]:   File "/home/dmz-ai/miniconda3/envs/lpy/lib/python3.9/site-packages/torch/functional.py", line 76, in broadcast_tensors
[rank0]:     return _VF.broadcast_tensors(tensors)  # type: ignore[attr-defined]
[rank0]: RuntimeError: The size of tensor a (96) must match the size of tensor b (48) at non-singleton dimension 1
